2026-05-28 23:24:29,590 [INFO] =======================================================================
2026-05-28 23:24:29,590 [INFO] INICIANDO SCRIPT DE DEMOSTRACIÓN DE RESILIENCIA (EcoMarket 2026)
2026-05-28 23:24:29,590 [INFO] =======================================================================

2026-05-28 23:24:29,591 [INFO] --- SECUENCIA 1: Servidor Operando en Modo Normal ---
2026-05-28 23:24:29,591 [INFO] [ClienteRobusto] Despachando llamada a /api/inventario...
2026-05-28 23:24:29,599 [INFO] [BREAKER] Detectado error de autorización (401). Ignorado en métricas de caída de red.
2026-05-28 23:24:29,600 [INFO] [ClienteRobusto] ¡Primer intento fallido (401 Unauthorized)! Renovando credenciales...
2026-05-28 23:24:29,600 [INFO] [TokenManager] Ejecutando renovación segura de sesión (Refresh)...
2026-05-28 23:24:29,600 [INFO] [ClienteRobusto] Reintentando petición original con credenciales frescas...
2026-05-28 23:24:29,600 [INFO] [LOGIN] Nuevo token almacenado y verificado · rol=viewer
2026-05-28 23:24:29,601 [INFO]  -> Resultado recibido por la UI: {'productos': 20, 'status': 'success'}

2026-05-28 23:24:29,807 [INFO] [ClienteRobusto] Despachando llamada a /api/inventario...
2026-05-28 23:24:29,808 [INFO] [BREAKER] Detectado error de autorización (401). Ignorado en métricas de caída de red.
2026-05-28 23:24:29,808 [INFO] [ClienteRobusto] ¡Primer intento fallido (401 Unauthorized)! Renovando credenciales...
2026-05-28 23:24:29,809 [INFO] [TokenManager] Ejecutando renovación segura de sesión (Refresh)...
2026-05-28 23:24:29,809 [INFO] [ClienteRobusto] Reintentando petición original con credenciales frescas...
2026-05-28 23:24:29,809 [INFO] [LOGIN] Nuevo token almacenado y verificado · rol=viewer
2026-05-28 23:24:29,809 [INFO]  -> Resultado recibido por la UI: {'productos': 40, 'status': 'success'}

2026-05-28 23:24:30,010 [INFO] [ClienteRobusto] Despachando llamada a /api/inventario...
2026-05-28 23:24:30,011 [INFO] [BREAKER] Detectado error de autorización (401). Ignorado en métricas de caída de red.
2026-05-28 23:24:30,011 [INFO] [ClienteRobusto] ¡Primer intento fallido (401 Unauthorized)! Renovando credenciales...
2026-05-28 23:24:30,011 [INFO] [TokenManager] Ejecutando renovación segura de sesión (Refresh)...
2026-05-28 23:24:30,011 [INFO] [ClienteRobusto] Reintentando petición original con credenciales frescas...
2026-05-28 23:24:30,012 [INFO] [LOGIN] Nuevo token almacenado y verificado · rol=viewer
2026-05-28 23:24:30,012 [INFO]  -> Resultado recibido por la UI: {'productos': 60, 'status': 'success'}

2026-05-28 23:24:30,226 [INFO] --- SECUENCIA 2: Activación del Modo 'fallo_503' (Inyección de Fallas) ---
2026-05-28 23:24:30,226 [INFO] [UI] Disparando petición ejecutada #1...
2026-05-28 23:24:30,227 [INFO] [ClienteRobusto] Despachando llamada a /api/inventario...
2026-05-28 23:24:30,228 [INFO] [BREAKER] Registrar Fallo #1 acumulado. Estado Actual: CERRADO
2026-05-28 23:24:30,228 [INFO]  -> Resultado recibido por la UI: {'status': 'http_error', 'code': 503}

2026-05-28 23:24:30,339 [INFO] [UI] Disparando petición ejecutada #2...
2026-05-28 23:24:30,339 [INFO] [ClienteRobusto] Despachando llamada a /api/inventario...
2026-05-28 23:24:30,340 [INFO] [BREAKER] Registrar Fallo #2 acumulado. Estado Actual: CERRADO
2026-05-28 23:24:30,340 [INFO]  -> Resultado recibido por la UI: {'status': 'http_error', 'code': 503}

2026-05-28 23:24:30,447 [INFO] [UI] Disparando petición ejecutada #3...
2026-05-28 23:24:30,447 [INFO] [ClienteRobusto] Despachando llamada a /api/inventario...
2026-05-28 23:24:30,448 [INFO] [BREAKER] Registrar Fallo #3 acumulado. Estado Actual: CERRADO
2026-05-28 23:24:30,448 [INFO] [BREAKER] ¡UMBRAL ALCANZADO! Abriendo circuito de red proactivamente.
2026-05-28 23:24:30,448 [INFO] [UI] banner=Servidor temporalmente no disponible · action=disable_checkout
2026-05-28 23:24:30,449 [INFO]  -> Resultado recibido por la UI: {'status': 'http_error', 'code': 503}

2026-05-28 23:24:30,558 [INFO] [UI] Disparando petición ejecutada #4...
2026-05-28 23:24:30,558 [INFO]  -> Resultado recibido por la UI: {'status': 'blocked_by_circuit_breaker', 'error': 'Circuito abierto. Modo Fail-Fast activo. Reintente en 2.9s'}

2026-05-28 23:24:30,667 [INFO] --- SECUENCIA 3: Aislamiento Fail-Fast y Espera del Timeout ---
2026-05-28 23:24:30,667 [INFO]  -> Resultado recibido por la UI: {'status': 'blocked_by_circuit_breaker', 'error': 'Circuito abierto. Modo Fail-Fast activo. Reintente en 2.8s'}

2026-05-28 23:24:30,667 [INFO] [Sistema] Congelando tráfico y esperando 3.2 segundos...
2026-05-28 23:24:33,872 [INFO] --- SECUENCIA 4: Restauración del Modo Normal y Prueba Canary de Éxito ---
2026-05-28 23:24:33,872 [INFO] [BREAKER] Tiempo de aislamiento concluido. Transición a SEMIABIERTO. Intentando petición de prueba...
2026-05-28 23:24:33,872 [INFO] [ClienteRobusto] Despachando llamada a /api/inventario...
2026-05-28 23:24:33,873 [INFO] [UI] banner=oculto · action=enable_checkout
2026-05-28 23:24:33,874 [INFO]  -> Resultado recibido por la UI en Canary: {'productos': 150, 'recuperado': True, 'status': 'success'}

2026-05-28 23:24:33,874 [INFO] [ClienteRobusto] Despachando llamada a /api/inventario...
2026-05-28 23:24:33,874 [INFO]  -> Resultado recibido por la UI: {'productos': 150, 'recuperado': True, 'status': 'success'}

